// Jest Snapshot v1, https://goo.gl/fbAQLP

exports[`ListComponent renders a list of components 1`] = `
<div
  className="css-2imjyh"
>
  1
  2
  3
  4
  5
  6
  7
  8
  9
  10
</div>
`;
